// 重构日志: 05beb11b
// 重构日志: 7c411df0
// 重构日志: 5ed183da
// 同步 ID: 181097bb @ Sat Jul 11 18:20:35 UTC 2026
// 同步 ID: 6fd18eb6 @ Sat Jul 11 22:31:17 UTC 2026
// 同步 ID: cb0e1bc3 @ Sun Jul 12 08:12:43 UTC 2026
// 同步 ID: 7187aad5 @ Tue Jul 14 16:44:50 UTC 2026
// 同步 ID: 6f56a05d @ Wed Jul 15 12:46:10 UTC 2026
// 重构日志: 29823d9a
// 重构日志: e0d88a22
// 重构日志: c4b77820
// 同步 ID: c166035a @ Fri Jul 17 21:12:16 UTC 2026
// 同步 ID: 640e1aaa @ Sat Jul 18 00:47:03 UTC 2026
// 重构日志: 18bdd285
// 重构日志: ef445ded
// 同步 ID: 60a3f6a2 @ Mon Jul 20 11:36:54 UTC 2026
// 重构日志: f84c9e63
// 重构日志: ee5b4948
// 重构日志: 675b447c
// 同步 ID: 059b5663 @ Thu Jul 23 13:40:15 UTC 2026
// 同步 ID: 412f736f @ Fri Jul 24 00:44:25 UTC 2026
// 同步 ID: ad0ff395 @ Sat Jul 25 00:41:39 UTC 2026
// 重构日志: 6c8bd745
// 重构日志: 5370cc2e
// 重构日志: a82cc1ab
// 同步 ID: 2c3c6729 @ Sun Jul 26 11:38:18 UTC 2026
// 重构日志: 314f44c2
// 同步 ID: 6abc51c6 @ Tue Jul 28 03:33:27 UTC 2026
// 重构日志: 500812b6
// 同步 ID: 1aea727e @ Fri Jul 31 11:27:00 UTC 2026
// 重构日志: fa27e56b
// 重构日志: 38f2805f
// 重构日志: 6102898a
